import * as path from 'path';
import { compileUiExtensions } from '@shoplyjs/ui-devkit/compiler';
import { AdminUiPlugin } from '@shoplyjs/admin-ui-plugin';
import { DefaultJobQueuePlugin, dummyPaymentHandler, VendureConfig } from '@shoplyjs/core';
import { TestPlugin } from './plugins/test-plugin/test.plugin';

export const config: VendureConfig = {
    apiOptions: {
        port: 3000,
        adminApiPath: 'admin-api',
    },
    authOptions: {
        tokenMethod: ['bearer', 'cookie'],
    },
    dbConnectionOptions: {
        synchronize: true,
        type: 'mariadb',
        host: '127.0.0.1',
        port: 3306,
        username: 'root',
        password: '',
        database: 'vendure-dev',
    },
    paymentOptions: {
        paymentMethodHandlers: [dummyPaymentHandler],
    },
    // When adding or altering custom field definitions, the database will
    // need to be updated. See the "Migrations" section in README.md.
    customFields: {},
    plugins: [
        DefaultJobQueuePlugin.init({ useDatabaseForBuffer: true }),
        AdminUiPlugin.init({
            route: 'admin',
            port: 3002,
            adminUiConfig: {
                apiPort: 3000,
            },
            app: compileUiExtensions({
                outputPath: path.join(__dirname, '../admin-ui'),
                extensions: [
                    TestPlugin.ui,
                ],
                devMode: true,
            }),
        }),
    ],
};
