import { PluginCommonModule, Type, VendurePlugin, Product } from '@shoplyjs/core';
import { ScaffoldEntity } from './entity';

type PluginInitOptions = any;

@VendurePlugin({
    imports: [PluginCommonModule],
    entities: [Product, ScaffoldEntity],
    compatibility: '^2.0.0',
})
export class TestOnePlugin {
    static options: PluginInitOptions;

    static init(options: PluginInitOptions): Type<TestOnePlugin> {
        this.options = options;
        return TestOnePlugin;
    }
}
